// Jest Snapshot v1, https://goo.gl/fbAQLP

exports[`assemble error handling export-undefined-function 1`] = `"export: function $add not defined"`;

exports[`assemble error handling func-collision 1`] = `"func $f1 already defined"`;

exports[`assemble error handling invalid-instruction 1`] = `"(return i32) instruction not recognized"`;

exports[`assemble error handling start-undefined-function 1`] = `"start: function $add not defined"`;
